===== Phase 3E activity-aware power (SoC, post-P&R)
  top:           soc_top
  corner:        max_ff_n40C_1v95
  liberty:       /work/pdk/volare/sky130/versions/8afc8346a57fe1ab7934ba5a6056ea8b43078e71/sky130A/libs.ref/sky130_fd_sc_hd/lib/sky130_fd_sc_hd__ff_n40C_1v95.lib
  netlist:       /work/flow/phase3_soc/runs/phase3_soc/final/nl/soc_top.nl.v
  spef:          /work/flow/phase3_soc/runs/phase3_soc/final/spef/max/soc_top.max.spef
  vcd:           /tmp/tb_soc_bnn.flat.vcd
  vcd_scope:     tb_soc_bnn/dut
=============================================================

Group              Internal(W)   Switching(W)     Leakage(W)       Total(W)
---------------------------------------------------------------------------
---------------------------------------------------------------------------
Total               8.1153e-02     2.4906e-02     1.5705e-06     1.0606e-01

----- Per-bucket (hierarchy-decomposed) ---------------------
Bucket          Internal(W)   Switching(W)     Leakage(W)       Total(W)   #cells
--------------------------------------------------------------------------------
u_cpu            7.2318e-03     5.5178e-04     5.5821e-08     7.7836e-03     4288
u_xbar           0.0000e+00     0.0000e+00     0.0000e+00     0.0000e+00        0
u_imem           0.0000e+00     0.0000e+00     0.0000e+00     0.0000e+00        0
u_dmem           3.8576e-02     0.0000e+00     2.4869e-07     3.8577e-02    18773
u_tile           1.1465e-02     7.8240e-10     1.1428e-07     1.1465e-02     6578
u_gpio           3.0138e-04     0.0000e+00     2.4807e-09     3.0138e-04      176
shared           6.2262e-04     3.2855e-04     2.5524e-07     9.5143e-04    22055
clock_tree       1.8956e-02     2.4025e-02     5.8017e-08     4.2982e-02     1566
--------------------------------------------------------------------------------
Bucket sum                                                   1.0206e-01
Design total                                                 1.0606e-01
Δ (unbucketed)                                                 4.0003e-03
