===== Phase 3E activity-aware power (SoC, post-P&R)
  top:           soc_top
  corner:        nom_tt_025C_1v80
  liberty:       /work/pdk/volare/sky130/versions/8afc8346a57fe1ab7934ba5a6056ea8b43078e71/sky130A/libs.ref/sky130_fd_sc_hd/lib/sky130_fd_sc_hd__tt_025C_1v80.lib
  netlist:       /work/flow/phase3_soc/runs/phase3_soc/final/nl/soc_top.nl.v
  spef:          /work/flow/phase3_soc/runs/phase3_soc/final/spef/nom/soc_top.nom.spef
  vcd:           /tmp/tb_soc_bnn.flat.vcd
  vcd_scope:     tb_soc_bnn/dut
=============================================================

Group              Internal(W)   Switching(W)     Leakage(W)       Total(W)
---------------------------------------------------------------------------
---------------------------------------------------------------------------
Total               7.0352e-02     2.0023e-02     1.0109e-06     9.0377e-02

----- Per-bucket (hierarchy-decomposed) ---------------------
Bucket          Internal(W)   Switching(W)     Leakage(W)       Total(W)   #cells
--------------------------------------------------------------------------------
u_cpu            6.2565e-03     4.5094e-04     2.7699e-08     6.7074e-03     4288
u_xbar           0.0000e+00     0.0000e+00     0.0000e+00     0.0000e+00        0
u_imem           0.0000e+00     0.0000e+00     0.0000e+00     0.0000e+00        0
u_dmem           3.3326e-02     0.0000e+00     1.3828e-07     3.3326e-02    18773
u_tile           9.9046e-03     6.5243e-10     4.0763e-08     9.9046e-03     6578
u_gpio           2.6036e-04     0.0000e+00     1.1487e-09     2.6036e-04      176
shared           5.4594e-04     2.6755e-04     8.6315e-08     8.1357e-04    22055
clock_tree       1.6597e-02     1.9305e-02     1.2579e-08     3.5902e-02     1566
--------------------------------------------------------------------------------
Bucket sum                                                   8.6914e-02
Design total                                                 9.0377e-02
Δ (unbucketed)                                                 3.4627e-03
